
> glucare-api@0.0.1 test:e2e D:\Code\project\glucare-api
> jest --config ./test/jest-e2e.json

FAIL test/meals.e2e-spec.ts
  ● Test suite failed to run

    Configuration error:

    Could not locate module src/modules/auth/guards/auth.guard mapped as:
    D:\Code\project\glucare-api\test\src\$1.

    Please check your configuration for these entries:
    {
      "moduleNameMapper": {
        "/^src\/(.*)$/": "D:\Code\project\glucare-api\test\src\$1"
      },
      "resolver": undefined
    }

    [0m [90m  6 |[39m } [36mfrom[39m [32m'@nestjs/common'[39m[33m;[39m
     [90m  7 |[39m [36mimport[39m { [33mTest[39m[33m,[39m [33mTestingModule[39m } [36mfrom[39m [32m'@nestjs/testing'[39m[33m;[39m
    [31m[1m>[22m[39m[90m  8 |[39m [36mimport[39m { [33mAtGuard[39m } [36mfrom[39m [32m'src/modules/auth/guards/auth.guard'[39m[33m;[39m
     [90m    |[39m [31m[1m^[22m[39m
     [90m  9 |[39m [36mimport[39m { [33mRolesGuard[39m } [36mfrom[39m [32m'src/modules/auth/guards/roles.guard'[39m[33m;[39m
     [90m 10 |[39m [36mimport[39m request [36mfrom[39m [32m'supertest'[39m[33m;[39m
     [90m 11 |[39m [36mimport[39m { [33mAppModule[39m } [36mfrom[39m [32m'./../src/app.module'[39m[33m;[39m[0m

      at createNoMappedModuleFoundError (../node_modules/.pnpm/jest-resolve@30.2.0/node_modules/jest-resolve/build/index.js:1117:17)
      at Object.<anonymous> (meals.e2e-spec.ts:8:1)

FAIL test/medications.e2e-spec.ts
  ● Test suite failed to run

    Configuration error:

    Could not locate module src/modules/auth/guards/auth.guard mapped as:
    D:\Code\project\glucare-api\test\src\$1.

    Please check your configuration for these entries:
    {
      "moduleNameMapper": {
        "/^src\/(.*)$/": "D:\Code\project\glucare-api\test\src\$1"
      },
      "resolver": undefined
    }

    [0m [90m  6 |[39m } [36mfrom[39m [32m'@nestjs/common'[39m[33m;[39m
     [90m  7 |[39m [36mimport[39m { [33mTest[39m[33m,[39m [33mTestingModule[39m } [36mfrom[39m [32m'@nestjs/testing'[39m[33m;[39m
    [31m[1m>[22m[39m[90m  8 |[39m [36mimport[39m { [33mAtGuard[39m } [36mfrom[39m [32m'src/modules/auth/guards/auth.guard'[39m[33m;[39m
     [90m    |[39m [31m[1m^[22m[39m
     [90m  9 |[39m [36mimport[39m { [33mRolesGuard[39m } [36mfrom[39m [32m'src/modules/auth/guards/roles.guard'[39m[33m;[39m
     [90m 10 |[39m [36mimport[39m request [36mfrom[39m [32m'supertest'[39m[33m;[39m
     [90m 11 |[39m [36mimport[39m { [33mAppModule[39m } [36mfrom[39m [32m'./../src/app.module'[39m[33m;[39m[0m

      at createNoMappedModuleFoundError (../node_modules/.pnpm/jest-resolve@30.2.0/node_modules/jest-resolve/build/index.js:1117:17)
      at Object.<anonymous> (medications.e2e-spec.ts:8:1)

FAIL test/glucose.e2e-spec.ts
  ● Test suite failed to run

    Configuration error:

    Could not locate module src/modules/auth/guards/auth.guard mapped as:
    D:\Code\project\glucare-api\test\src\$1.

    Please check your configuration for these entries:
    {
      "moduleNameMapper": {
        "/^src\/(.*)$/": "D:\Code\project\glucare-api\test\src\$1"
      },
      "resolver": undefined
    }

    [0m [90m  6 |[39m } [36mfrom[39m [32m'@nestjs/common'[39m[33m;[39m
     [90m  7 |[39m [36mimport[39m { [33mTest[39m[33m,[39m [33mTestingModule[39m } [36mfrom[39m [32m'@nestjs/testing'[39m[33m;[39m
    [31m[1m>[22m[39m[90m  8 |[39m [36mimport[39m { [33mAtGuard[39m } [36mfrom[39m [32m'src/modules/auth/guards/auth.guard'[39m[33m;[39m
     [90m    |[39m [31m[1m^[22m[39m
     [90m  9 |[39m [36mimport[39m { [33mRolesGuard[39m } [36mfrom[39m [32m'src/modules/auth/guards/roles.guard'[39m[33m;[39m
     [90m 10 |[39m [36mimport[39m request [36mfrom[39m [32m'supertest'[39m[33m;[39m
     [90m 11 |[39m [36mimport[39m { [33mAppModule[39m } [36mfrom[39m [32m'./../src/app.module'[39m[33m;[39m[0m

      at createNoMappedModuleFoundError (../node_modules/.pnpm/jest-resolve@30.2.0/node_modules/jest-resolve/build/index.js:1117:17)
      at Object.<anonymous> (glucose.e2e-spec.ts:8:1)

FAIL test/app.e2e-spec.ts
  ● Test suite failed to run

    Configuration error:

    Could not locate module src/common/decorators/response-message.decorator mapped as:
    D:\Code\project\glucare-api\test\src\$1.

    Please check your configuration for these entries:
    {
      "moduleNameMapper": {
        "/^src\/(.*)$/": "D:\Code\project\glucare-api\test\src\$1"
      },
      "resolver": undefined
    }

    [0m [90m 10 |[39m [36mimport[39m { [33mApiTags[39m } [36mfrom[39m [32m'@nestjs/swagger'[39m[33m;[39m
     [90m 11 |[39m [36mimport[39m { [33mThrottle[39m } [36mfrom[39m [32m'@nestjs/throttler'[39m[33m;[39m
    [31m[1m>[22m[39m[90m 12 |[39m [36mimport[39m { [33mResponseMessage[39m } [36mfrom[39m [32m'src/common/decorators/response-message.decorator'[39m[33m;[39m
     [90m    |[39m [31m[1m^[22m[39m
     [90m 13 |[39m [36mimport[39m { [33mAuthService[39m } [36mfrom[39m [32m'./auth.service'[39m[33m;[39m
     [90m 14 |[39m [36mimport[39m {
     [90m 15 |[39m   [33mApiCreateDoctor[39m[33m,[39m[0m

      at createNoMappedModuleFoundError (../node_modules/.pnpm/jest-resolve@30.2.0/node_modules/jest-resolve/build/index.js:1117:17)
      at Object.<anonymous> (../src/modules/auth/auth.controller.ts:12:1)
      at Object.<anonymous> (../src/modules/auth/auth.module.ts:4:1)
      at Object.<anonymous> (../src/app.module.ts:7:1)
      at Object.<anonymous> (app.e2e-spec.ts:5:1)

Test Suites: 4 failed, 4 total
Tests:       0 total
Snapshots:   0 total
Time:        7.57 s
Ran all test suites.
 ELIFECYCLE  Command failed with exit code 1.
